---
source: src/ui.rs
assertion_line: 687
expression: terminal.backend()
---
"┌ Remotes (1) ─────────┐┌ remendo | upstream | 0 patchsets ────────────────────┐"
"│upstream              ││Loading...                                            │"
"└──────────────────────┘│                                                      │"
"┌ Lists (0) ───────────┐│                                                      │"
"│(none)                ││                                                      │"
"│                      ││                                                      │"
"│                      ││                                                      │"
"│                      ││                                                      │"
"│                      ││                                                      │"
"│                      ││                                                      │"
"│                      ││                                                      │"
"│                      ││                                                      │"
"│                      ││                                                      │"
"│                      ││                                                      │"
"│                      ││                                                      │"
"│                      ││                                                      │"
"│                      ││                                                      │"
"│                      ││                                                      │"
"│                      ││                                                      │"
"│                      ││                                                      │"
"│                      ││                                                      │"
"│                      ││                                                      │"
"│                      ││                                                      │"
"└──────────────────────┘└──────────────────────────────────────────────────────┘"
