---
source: src/ui.rs
assertion_line: 698
expression: terminal.backend()
---
"┌ Remotes (3) ─────────┐┌ remendo | upstream | 0 patchsets ────────────────────────────────────────────────────────────┐"
"│upstream              ││Loading...                                                                                    │"
"│staging               ││                                                                                              │"
"│local                 ││                                                                                              │"
"└──────────────────────┘│                                                                                              │"
"┌ Lists (0) ───────────┐│                                                                                              │"
"│(none)                ││                                                                                              │"
"│                      ││                                                                                              │"
"│                      ││                                                                                              │"
"│                      ││                                                                                              │"
"│                      ││                                                                                              │"
"│                      ││                                                                                              │"
"│                      ││                                                                                              │"
"│                      ││                                                                                              │"
"│                      ││                                                                                              │"
"│                      ││                                                                                              │"
"│                      ││                                                                                              │"
"│                      ││                                                                                              │"
"│                      ││                                                                                              │"
"│                      ││                                                                                              │"
"│                      ││                                                                                              │"
"│                      ││                                                                                              │"
"│                      ││                                                                                              │"
"└──────────────────────┘└──────────────────────────────────────────────────────────────────────────────────────────────┘"
