---
source: src/ui.rs
assertion_line: 710
expression: terminal.backend()
---
"┌ Remotes (2) ─────────┐┌ remendo | upstream | 0 patchsets ────────────────────────────────────────────────────────────┐"
"│upstream              ││Loading...                                                                                    │"
"│staging               ││                                                                                              │"
"└──────────────────────┘│                                                                                              │"
"┌ Lists (0) ───────────┐│                                                                                              │"
"│(none)                ││                                                                                              │"
"│                      ││                                                                                              │"
"│                      ││                                                                                              │"
"│                      ││                                                                                              │"
"│                      ││                                                                                              │"
"│                      ││                                                                                              │"
"│                      ││                                                                                              │"
"│                      ││                                                                                              │"
"│                      ││                                                                                              │"
"│                      ││                                                                                              │"
"│                      ││                                                                                              │"
"│                      ││                                                                                              │"
"│                      ││                                                                                              │"
"│                      ││                                                                                              │"
"│                      ││                                                                                              │"
"│                      ││                                                                                              │"
"│                      ││                                                                                              │"
"│                      ││                                                                                              │"
"└──────────────────────┘└──────────────────────────────────────────────────────────────────────────────────────────────┘"
